---
source: fenestra-kit/tests/layout_goldens.rs
expression: frame.dump()
---
{
  "id": 14695981039346656037,
  "kind": "box",
  "rect": [
    0.0,
    0.0,
    720.0,
    480.0
  ],
  "fill": "#fcfcfe",
  "children": [
    {
      "id": 7913316752232683231,
      "kind": "box",
      "rect": [
        0.0,
        0.0,
        720.0,
        48.0
      ],
      "fill": "#ffffff",
      "children": [
        {
          "id": 8961924272676540099,
          "kind": "text",
          "rect": [
            16.0,
            12.0,
            65.0,
            24.0
          ],
          "text": "fenestra"
        },
        {
          "id": 6729608865708950690,
          "kind": "box",
          "rect": [
            676.0,
            10.0,
            28.0,
            28.0
          ],
          "fill": "#d7e5ff",
          "children": [
            {
              "id": 882914343681410278,
              "kind": "box",
              "rect": [
                696.0,
                8.0,
                10.0,
                10.0
              ],
              "fill": "#c94c49"
            }
          ]
        }
      ]
    },
    {
      "id": 5681001345265093822,
      "kind": "box",
      "rect": [
        0.0,
        48.0,
        180.0,
        400.0
      ],
      "fill": "#f7f8fa",
      "children": [
        {
          "id": 12871083865220084988,
          "kind": "box",
          "rect": [
            8.0,
            56.0,
            164.0,
            32.0
          ],
          "fill": "#d7e5ff",
          "children": [
            {
              "id": 87269028184630717,
              "kind": "text",
              "rect": [
                20.0,
                62.0,
                63.0,
                21.0
              ],
              "text": "Overview"
            }
          ]
        },
        {
          "id": 15103399272187674397,
          "kind": "box",
          "rect": [
            8.0,
            92.0,
            164.0,
            32.0
          ],
          "children": [
            {
              "id": 10325876992421052235,
              "kind": "text",
              "rect": [
                20.0,
                98.0,
                52.0,
                21.0
              ],
              "text": "Reports"
            }
          ]
        },
        {
          "id": 17335714679155263806,
          "kind": "box",
          "rect": [
            8.0,
            128.0,
            164.0,
            32.0
          ],
          "children": [
            {
              "id": 125618458439227386,
              "kind": "text",
              "rect": [
                20.0,
                134.0,
                54.0,
                21.0
              ],
              "text": "Settings"
            }
          ]
        }
      ]
    },
    {
      "id": 3448685938297504413,
      "kind": "box",
      "rect": [
        180.0,
        48.0,
        390.0,
        400.0
      ],
      "children": [
        {
          "id": 4631841758263059490,
          "kind": "text",
          "rect": [
            196.0,
            64.0,
            358.0,
            28.0
          ],
          "text": "Main content"
        },
        {
          "id": 6864157165230648899,
          "kind": "text",
          "rect": [
            196.0,
            104.0,
            358.0,
            21.0
          ],
          "text": "The center column is fluid (1fr); sidebars are fixed."
        },
        {
          "id": 167210944327880672,
          "kind": "box",
          "rect": [
            196.0,
            137.0,
            358.0,
            1.0
          ],
          "fill": "#dde0e4"
        },
        {
          "id": 2399526351295470081,
          "kind": "box",
          "rect": [
            196.0,
            150.0,
            358.0,
            96.0
          ],
          "fill": "#ffffff"
        }
      ]
    },
    {
      "id": 1216370531329915004,
      "kind": "box",
      "rect": [
        570.0,
        48.0,
        150.0,
        400.0
      ],
      "fill": "#f7f8fa",
      "children": [
        {
          "id": 4079634364337957049,
          "kind": "text",
          "rect": [
            582.0,
            60.0,
            126.0,
            21.0
          ],
          "text": "Aside"
        },
        {
          "id": 1847318957370367640,
          "kind": "text",
          "rect": [
            582.0,
            89.0,
            126.0,
            18.0
          ],
          "text": "Fixed 150px column."
        }
      ]
    },
    {
      "id": 17430799198071877211,
      "kind": "box",
      "rect": [
        0.0,
        448.0,
        720.0,
        32.0
      ],
      "fill": "#f7f8fa",
      "children": [
        {
          "id": 17680495418700246539,
          "kind": "text",
          "rect": [
            16.0,
            455.0,
            111.0,
            18.0
          ],
          "text": "footer — grid row 3"
        }
      ]
    }
  ]
}
